// Jest Snapshot v1, https://goo.gl/fbAQLP

exports[`<App /> renders correctly 1`] = `
<View
  style={
    {
      "backgroundColor": "#fff",
      "flex": 1,
    }
  }
>
  <View
    style={
      {
        "flex": 1,
        "paddingHorizontal": 10,
        "paddingVertical": 5,
      }
    }
  />
  <View
    style={
      {
        "alignItems": "center",
        "backgroundColor": "#EAEAEA",
        "flexDirection": "row",
        "paddingHorizontal": 10,
        "paddingVertical": 5,
      }
    }
  >
    <TextInput
      onChangeText={[Function]}
      style={
        {
          "backgroundColor": "#fff",
          "borderRadius": 8,
          "flex": 1,
          "fontSize": 16,
          "marginRight": 10,
          "paddingHorizontal": 10,
          "paddingVertical": 5,
        }
      }
      value=""
    />
    <View
      accessibilityRole="button"
      accessibilityState={
        {
          "disabled": true,
        }
      }
      accessible={true}
      collapsable={false}
      focusable={true}
      onClick={[Function]}
      onResponderGrant={[Function]}
      onResponderMove={[Function]}
      onResponderRelease={[Function]}
      onResponderTerminate={[Function]}
      onResponderTerminationRequest={[Function]}
      onStartShouldSetResponder={[Function]}
      style={
        {
          "opacity": 1,
        }
      }
    >
      <View
        style={
          [
            {},
            {},
          ]
        }
      >
        <Text
          disabled={true}
          style={
            [
              {
                "color": "#007AFF",
                "fontSize": 18,
                "margin": 8,
                "textAlign": "center",
              },
              {
                "color": "#cdcdcd",
              },
            ]
          }
        >
          Send
        </Text>
      </View>
    </View>
  </View>
</View>
`;
